[2026-02-11T19:04:33.231487300] [INFO] [Server Configured: Max 20, Teams of 1]
[2026-02-11T19:04:33.235486100] [INFO] [Server Initialized 0]
[2026-02-11T19:04:33.237485100] [WARN] [LOBBY started successfully]
[2026-02-11T19:04:33.338930400] [WARN] [FAILED TO CONNECT THE SERVER AND HOST TOGETHER]
[2026-02-11T19:04:46.956331100] [ERROR] [Failed to create a client]
[2026-02-11T19:13:27.537214] [INFO] [Server Configured: Max 20, Teams of 1]
[2026-02-11T19:13:27.541219400] [INFO] [Server Initialized 9173]
[2026-02-11T19:13:27.543454400] [WARN] [LOBBY started successfully]
[2026-02-11T19:13:27.676574400] [INFO] [Player 0 connected]
[2026-02-11T19:13:27.676574400] [INFO] [SERVER USER SELF JOIN]
[2026-02-11T19:13:27.676574400] [INFO] [ClientHandler Thread: RUNNABLE]
[2026-02-11T19:13:42.034029700] [ERROR] [Failed to create a client]
[2026-02-11T19:16:49.870236400] [INFO] [Server Configured: Max 20, Teams of 1]
[2026-02-11T19:16:49.874233900] [INFO] [Server Initialized 9173]
[2026-02-11T19:16:49.876232500] [WARN] [LOBBY started successfully]
[2026-02-11T19:16:49.983142300] [INFO] [SERVER USER SELF JOIN]
[2026-02-11T19:16:49.984139800] [INFO] [Player 0 connected]
[2026-02-11T19:16:49.984139800] [INFO] [ClientHandler Thread: RUNNABLE]
[2026-02-11T19:16:58.483408500] [ERROR] [Failed to create a client]
[2026-02-11T19:17:08.017403] [WARN] [Connection Lost in startReceiveThread]
[2026-02-11T19:17:08.018403300] [ERROR] [FAILED TO CREATE A SERVER PORT]
[2026-02-11T19:17:08.020403] [WARN] [Player 0 disconnected]
[2026-02-11T19:17:08.020403] [WARN] [Server Shutting Down]
[2026-02-11T19:17:08.021716500] [WARN] [Client is Shutting Down: Guest]
